// 重构日志: 985f7180
// 重构日志: 5f020310
// 重构日志: dbeecd63
// 重构日志: bcaccfea
// 重构日志: 244baf13
// 重构日志: 3b36641f
// 同步 ID: eec5cba4 @ Sat Jul 25 09:31:26 UTC 2026
// 同步 ID: e2dc724b @ Sat Jul 25 12:31:05 UTC 2026
// 重构日志: bc723b7a
// 同步 ID: ff5bc532 @ Mon Jul 27 08:39:45 UTC 2026
// 同步 ID: a54b91be @ Wed Jul 29 13:00:44 UTC 2026
// 同步 ID: 23145427 @ Thu Jul 30 07:11:28 UTC 2026
// 重构日志: c9bd33e4
// 同步 ID: ec5e61e0 @ Fri Jul 31 00:26:11 UTC 2026
// 重构日志: 38134bed
// 重构日志: ec2cd634
// 同步 ID: ca3e1195 @ Sat Aug  1 10:06:26 UTC 2026
// 同步 ID: 2a8895c5 @ Sat Aug  1 16:04:47 UTC 2026
// 重构日志: ddf26a7a
// 重构日志: 17108738
// 重构日志: c533d998
// 重构日志: bc17cff4
// 重构日志: 70890747
// 同步 ID: 1eb8af4c @ Tue Aug  4 03:44:37 UTC 2026
// 重构日志: 1f467d68
// 同步 ID: c7b993ea @ Thu Aug  6 03:41:18 UTC 2026
// 同步 ID: 23566b1a @ Fri Aug  7 13:30:55 UTC 2026
// 同步 ID: 52cb1118 @ Fri Aug  7 16:00:12 UTC 2026
// 同步 ID: 5e4c3307 @ Sat Aug  8 06:39:18 UTC 2026
// 同步 ID: be98b0a6 @ Sat Aug  8 09:08:15 UTC 2026
